[20:38:29] === live-rollout.sh label=base ===
[20:38:31] in-cluster controller scaled to 0; rbgs admission webhooks relaxed to Ignore
[20:38:40] controller up: {"level":"INFO","time":"2026-09-25T20:38:33.226+0800","caller":"controller/controller.go:289","message":"Starting workers","controller":"rbgwarmup-controller","
rolebasedgroupset.workloads.x-k8s.io/rollout-demo created
[20:38:40] waiting for both children Ready
[20:38:47] both ready after 4s: readyGroups=2  rollout-demo-0(cc1a60c0,True,old,   ) rollout-demo-1(816e7ed0,True,old,   )
[20:38:47] initial UIDs:
rollout-demo-0 uid=cc1a60c0-04c5-4afe-b988-1f09cdae06ad
rollout-demo-1 uid=816e7ed0-6bcb-464e-ad0a-3b728ab821df
[20:38:47] TRIGGER: add RBGSET_ROLLOUT_MARKER env to the group template
rolebasedgroupset.workloads.x-k8s.io/rollout-demo patched
t+1s  readyGroups=2  rollout-demo-0(cc1a60c0,True,new,   ) rollout-demo-1(816e7ed0,True,new,   )
t+2s  readyGroups=0  rollout-demo-0(cc1a60c0,False,new,   ) rollout-demo-1(816e7ed0,False,new,   )
t+3s  readyGroups=0  rollout-demo-0(cc1a60c0,False,new,   ) rollout-demo-1(816e7ed0,False,new,   )
t+4s  readyGroups=0  rollout-demo-0(cc1a60c0,False,new,   ) rollout-demo-1(816e7ed0,False,new,   )
t+5s  readyGroups=2  rollout-demo-0(cc1a60c0,True,new,   ) rollout-demo-1(816e7ed0,True,new,   )
t+6s  readyGroups=2  rollout-demo-0(cc1a60c0,True,new,   ) rollout-demo-1(816e7ed0,True,new,   )
t+7s  readyGroups=2  rollout-demo-0(cc1a60c0,True,new,   ) rollout-demo-1(816e7ed0,True,new,   )
t+8s  readyGroups=2  rollout-demo-0(cc1a60c0,True,new,   ) rollout-demo-1(816e7ed0,True,new,   )
t+9s  readyGroups=2  rollout-demo-0(cc1a60c0,True,new,   ) rollout-demo-1(816e7ed0,True,new,   )
t+10s  readyGroups=2  rollout-demo-0(cc1a60c0,True,new,   ) rollout-demo-1(816e7ed0,True,new,   )
t+11s  readyGroups=2  rollout-demo-0(cc1a60c0,True,new,   ) rollout-demo-1(816e7ed0,True,new,   )
t+12s  readyGroups=2  rollout-demo-0(cc1a60c0,True,new,   ) rollout-demo-1(816e7ed0,True,new,   )
t+13s  readyGroups=2  rollout-demo-0(cc1a60c0,True,new,   ) rollout-demo-1(816e7ed0,True,new,   )
t+14s  readyGroups=2  rollout-demo-0(cc1a60c0,True,new,   ) rollout-demo-1(816e7ed0,True,new,   )
t+15s  readyGroups=2  rollout-demo-0(cc1a60c0,True,new,   ) rollout-demo-1(816e7ed0,True,new,   )
t+16s  readyGroups=2  rollout-demo-0(cc1a60c0,True,new,   ) rollout-demo-1(816e7ed0,True,new,   )
t+17s  readyGroups=2  rollout-demo-0(cc1a60c0,True,new,   ) rollout-demo-1(816e7ed0,True,new,   )
t+18s  readyGroups=2  rollout-demo-0(cc1a60c0,True,new,   ) rollout-demo-1(816e7ed0,True,new,   )
t+19s  readyGroups=2  rollout-demo-0(cc1a60c0,True,new,   ) rollout-demo-1(816e7ed0,True,new,   )
t+20s  readyGroups=2  rollout-demo-0(cc1a60c0,True,new,   ) rollout-demo-1(816e7ed0,True,new,   )
t+21s  readyGroups=2  rollout-demo-0(cc1a60c0,True,new,   ) rollout-demo-1(816e7ed0,True,new,   )
t+22s  readyGroups=2  rollout-demo-0(cc1a60c0,True,new,   ) rollout-demo-1(816e7ed0,True,new,   )
t+23s  readyGroups=2  rollout-demo-0(cc1a60c0,True,new,   ) rollout-demo-1(816e7ed0,True,new,   )
t+24s  readyGroups=2  rollout-demo-0(cc1a60c0,True,new,   ) rollout-demo-1(816e7ed0,True,new,   )
t+25s  readyGroups=2  rollout-demo-0(cc1a60c0,True,new,   ) rollout-demo-1(816e7ed0,True,new,   )
t+26s  readyGroups=2  rollout-demo-0(cc1a60c0,True,new,   ) rollout-demo-1(816e7ed0,True,new,   )
t+27s  readyGroups=2  rollout-demo-0(cc1a60c0,True,new,   ) rollout-demo-1(816e7ed0,True,new,   )
t+28s  readyGroups=2  rollout-demo-0(cc1a60c0,True,new,   ) rollout-demo-1(816e7ed0,True,new,   )
t+29s  readyGroups=2  rollout-demo-0(cc1a60c0,True,new,   ) rollout-demo-1(816e7ed0,True,new,   )
t+30s  readyGroups=2  rollout-demo-0(cc1a60c0,True,new,   ) rollout-demo-1(816e7ed0,True,new,   )
t+31s  readyGroups=2  rollout-demo-0(cc1a60c0,True,new,   ) rollout-demo-1(816e7ed0,True,new,   )
t+32s  readyGroups=2  rollout-demo-0(cc1a60c0,True,new,   ) rollout-demo-1(816e7ed0,True,new,   )
t+33s  readyGroups=2  rollout-demo-0(cc1a60c0,True,new,   ) rollout-demo-1(816e7ed0,True,new,   )
t+34s  readyGroups=2  rollout-demo-0(cc1a60c0,True,new,   ) rollout-demo-1(816e7ed0,True,new,   )
t+35s  readyGroups=2  rollout-demo-0(cc1a60c0,True,new,   ) rollout-demo-1(816e7ed0,True,new,   )
t+36s  readyGroups=2  rollout-demo-0(cc1a60c0,True,new,   ) rollout-demo-1(816e7ed0,True,new,   )
t+37s  readyGroups=2  rollout-demo-0(cc1a60c0,True,new,   ) rollout-demo-1(816e7ed0,True,new,   )
t+38s  readyGroups=2  rollout-demo-0(cc1a60c0,True,new,   ) rollout-demo-1(816e7ed0,True,new,   )
t+39s  readyGroups=2  rollout-demo-0(cc1a60c0,True,new,   ) rollout-demo-1(816e7ed0,True,new,   )
t+40s  readyGroups=2  rollout-demo-0(cc1a60c0,True,new,   ) rollout-demo-1(816e7ed0,True,new,   )
t+41s  readyGroups=2  rollout-demo-0(cc1a60c0,True,new,   ) rollout-demo-1(816e7ed0,True,new,   )
t+42s  readyGroups=2  rollout-demo-0(cc1a60c0,True,new,   ) rollout-demo-1(816e7ed0,True,new,   )
t+43s  readyGroups=2  rollout-demo-0(cc1a60c0,True,new,   ) rollout-demo-1(816e7ed0,True,new,   )
t+44s  readyGroups=2  rollout-demo-0(cc1a60c0,True,new,   ) rollout-demo-1(816e7ed0,True,new,   )
t+45s  readyGroups=2  rollout-demo-0(cc1a60c0,True,new,   ) rollout-demo-1(816e7ed0,True,new,   )
t+46s  readyGroups=2  rollout-demo-0(cc1a60c0,True,new,   ) rollout-demo-1(816e7ed0,True,new,   )
t+47s  readyGroups=2  rollout-demo-0(cc1a60c0,True,new,   ) rollout-demo-1(816e7ed0,True,new,   )
t+48s  readyGroups=2  rollout-demo-0(cc1a60c0,True,new,   ) rollout-demo-1(816e7ed0,True,new,   )
t+49s  readyGroups=2  rollout-demo-0(cc1a60c0,True,new,   ) rollout-demo-1(816e7ed0,True,new,   )
t+50s  readyGroups=2  rollout-demo-0(cc1a60c0,True,new,   ) rollout-demo-1(816e7ed0,True,new,   )
t+51s  readyGroups=2  rollout-demo-0(cc1a60c0,True,new,   ) rollout-demo-1(816e7ed0,True,new,   )
t+52s  readyGroups=2  rollout-demo-0(cc1a60c0,True,new,   ) rollout-demo-1(816e7ed0,True,new,   )
t+53s  readyGroups=2  rollout-demo-0(cc1a60c0,True,new,   ) rollout-demo-1(816e7ed0,True,new,   )
t+54s  readyGroups=2  rollout-demo-0(cc1a60c0,True,new,   ) rollout-demo-1(816e7ed0,True,new,   )
t+55s  readyGroups=2  rollout-demo-0(cc1a60c0,True,new,   ) rollout-demo-1(816e7ed0,True,new,   )
t+56s  readyGroups=2  rollout-demo-0(cc1a60c0,True,new,   ) rollout-demo-1(816e7ed0,True,new,   )
t+57s  readyGroups=2  rollout-demo-0(cc1a60c0,True,new,   ) rollout-demo-1(816e7ed0,True,new,   )
t+58s  readyGroups=2  rollout-demo-0(cc1a60c0,True,new,   ) rollout-demo-1(816e7ed0,True,new,   )
t+59s  readyGroups=2  rollout-demo-0(cc1a60c0,True,new,   ) rollout-demo-1(816e7ed0,True,new,   )
t+60s  readyGroups=2  rollout-demo-0(cc1a60c0,True,new,   ) rollout-demo-1(816e7ed0,True,new,   )
t+61s  readyGroups=2  rollout-demo-0(cc1a60c0,True,new,   ) rollout-demo-1(816e7ed0,True,new,   )
t+62s  readyGroups=2  rollout-demo-0(cc1a60c0,True,new,   ) rollout-demo-1(816e7ed0,True,new,   )
t+63s  readyGroups=2  rollout-demo-0(cc1a60c0,True,new,   ) rollout-demo-1(816e7ed0,True,new,   )
t+64s  readyGroups=2  rollout-demo-0(cc1a60c0,True,new,   ) rollout-demo-1(816e7ed0,True,new,   )
t+65s  readyGroups=2  rollout-demo-0(cc1a60c0,True,new,   ) rollout-demo-1(816e7ed0,True,new,   )
t+66s  readyGroups=2  rollout-demo-0(cc1a60c0,True,new,   ) rollout-demo-1(816e7ed0,True,new,   )
t+67s  readyGroups=2  rollout-demo-0(cc1a60c0,True,new,   ) rollout-demo-1(816e7ed0,True,new,   )
t+68s  readyGroups=2  rollout-demo-0(cc1a60c0,True,new,   ) rollout-demo-1(816e7ed0,True,new,   )
t+69s  readyGroups=2  rollout-demo-0(cc1a60c0,True,new,   ) rollout-demo-1(816e7ed0,True,new,   )
t+70s  readyGroups=2  rollout-demo-0(cc1a60c0,True,new,   ) rollout-demo-1(816e7ed0,True,new,   )
t+71s  readyGroups=2  rollout-demo-0(cc1a60c0,True,new,   ) rollout-demo-1(816e7ed0,True,new,   )
t+72s  readyGroups=2  rollout-demo-0(cc1a60c0,True,new,   ) rollout-demo-1(816e7ed0,True,new,   )
t+73s  readyGroups=2  rollout-demo-0(cc1a60c0,True,new,   ) rollout-demo-1(816e7ed0,True,new,   )
t+74s  readyGroups=2  rollout-demo-0(cc1a60c0,True,new,   ) rollout-demo-1(816e7ed0,True,new,   )
t+75s  readyGroups=2  rollout-demo-0(cc1a60c0,True,new,   ) rollout-demo-1(816e7ed0,True,new,   )
t+76s  readyGroups=2  rollout-demo-0(cc1a60c0,True,new,   ) rollout-demo-1(816e7ed0,True,new,   )
t+77s  readyGroups=2  rollout-demo-0(cc1a60c0,True,new,   ) rollout-demo-1(816e7ed0,True,new,   )
t+78s  readyGroups=2  rollout-demo-0(cc1a60c0,True,new,   ) rollout-demo-1(816e7ed0,True,new,   )
t+79s  readyGroups=2  rollout-demo-0(cc1a60c0,True,new,   ) rollout-demo-1(816e7ed0,True,new,   )
t+80s  readyGroups=2  rollout-demo-0(cc1a60c0,True,new,   ) rollout-demo-1(816e7ed0,True,new,   )
t+81s  readyGroups=2  rollout-demo-0(cc1a60c0,True,new,   ) rollout-demo-1(816e7ed0,True,new,   )
t+82s  readyGroups=2  rollout-demo-0(cc1a60c0,True,new,   ) rollout-demo-1(816e7ed0,True,new,   )
t+83s  readyGroups=2  rollout-demo-0(cc1a60c0,True,new,   ) rollout-demo-1(816e7ed0,True,new,   )
t+84s  readyGroups=2  rollout-demo-0(cc1a60c0,True,new,   ) rollout-demo-1(816e7ed0,True,new,   )
t+85s  readyGroups=2  rollout-demo-0(cc1a60c0,True,new,   ) rollout-demo-1(816e7ed0,True,new,   )
t+86s  readyGroups=2  rollout-demo-0(cc1a60c0,True,new,   ) rollout-demo-1(816e7ed0,True,new,   )
t+87s  readyGroups=2  rollout-demo-0(cc1a60c0,True,new,   ) rollout-demo-1(816e7ed0,True,new,   )
t+88s  readyGroups=2  rollout-demo-0(cc1a60c0,True,new,   ) rollout-demo-1(816e7ed0,True,new,   )
t+89s  readyGroups=2  rollout-demo-0(cc1a60c0,True,new,   ) rollout-demo-1(816e7ed0,True,new,   )
t+90s  readyGroups=2  rollout-demo-0(cc1a60c0,True,new,   ) rollout-demo-1(816e7ed0,True,new,   )
t+91s  readyGroups=2  rollout-demo-0(cc1a60c0,True,new,   ) rollout-demo-1(816e7ed0,True,new,   )
t+92s  readyGroups=2  rollout-demo-0(cc1a60c0,True,new,   ) rollout-demo-1(816e7ed0,True,new,   )
t+93s  readyGroups=2  rollout-demo-0(cc1a60c0,True,new,   ) rollout-demo-1(816e7ed0,True,new,   )
t+94s  readyGroups=2  rollout-demo-0(cc1a60c0,True,new,   ) rollout-demo-1(816e7ed0,True,new,   )
t+95s  readyGroups=2  rollout-demo-0(cc1a60c0,True,new,   ) rollout-demo-1(816e7ed0,True,new,   )
t+96s  readyGroups=2  rollout-demo-0(cc1a60c0,True,new,   ) rollout-demo-1(816e7ed0,True,new,   )
t+97s  readyGroups=2  rollout-demo-0(cc1a60c0,True,new,   ) rollout-demo-1(816e7ed0,True,new,   )
t+98s  readyGroups=2  rollout-demo-0(cc1a60c0,True,new,   ) rollout-demo-1(816e7ed0,True,new,   )
t+99s  readyGroups=2  rollout-demo-0(cc1a60c0,True,new,   ) rollout-demo-1(816e7ed0,True,new,   )
t+100s  readyGroups=2  rollout-demo-0(cc1a60c0,True,new,   ) rollout-demo-1(816e7ed0,True,new,   )
t+101s  readyGroups=2  rollout-demo-0(cc1a60c0,True,new,   ) rollout-demo-1(816e7ed0,True,new,   )
t+102s  readyGroups=2  rollout-demo-0(cc1a60c0,True,new,   ) rollout-demo-1(816e7ed0,True,new,   )
t+103s  readyGroups=2  rollout-demo-0(cc1a60c0,True,new,   ) rollout-demo-1(816e7ed0,True,new,   )
t+104s  readyGroups=2  rollout-demo-0(cc1a60c0,True,new,   ) rollout-demo-1(816e7ed0,True,new,   )
t+105s  readyGroups=2  rollout-demo-0(cc1a60c0,True,new,   ) rollout-demo-1(816e7ed0,True,new,   )
t+106s  readyGroups=2  rollout-demo-0(cc1a60c0,True,new,   ) rollout-demo-1(816e7ed0,True,new,   )
t+107s  readyGroups=2  rollout-demo-0(cc1a60c0,True,new,   ) rollout-demo-1(816e7ed0,True,new,   )
t+108s  readyGroups=2  rollout-demo-0(cc1a60c0,True,new,   ) rollout-demo-1(816e7ed0,True,new,   )
t+109s  readyGroups=2  rollout-demo-0(cc1a60c0,True,new,   ) rollout-demo-1(816e7ed0,True,new,   )
t+110s  readyGroups=2  rollout-demo-0(cc1a60c0,True,new,   ) rollout-demo-1(816e7ed0,True,new,   )
t+111s  readyGroups=2  rollout-demo-0(cc1a60c0,True,new,   ) rollout-demo-1(816e7ed0,True,new,   )
t+112s  readyGroups=2  rollout-demo-0(cc1a60c0,True,new,   ) rollout-demo-1(816e7ed0,True,new,   )
t+113s  readyGroups=2  rollout-demo-0(cc1a60c0,True,new,   ) rollout-demo-1(816e7ed0,True,new,   )
t+114s  readyGroups=2  rollout-demo-0(cc1a60c0,True,new,   ) rollout-demo-1(816e7ed0,True,new,   )
t+115s  readyGroups=2  rollout-demo-0(cc1a60c0,True,new,   ) rollout-demo-1(816e7ed0,True,new,   )
t+116s  readyGroups=2  rollout-demo-0(cc1a60c0,True,new,   ) rollout-demo-1(816e7ed0,True,new,   )
t+117s  readyGroups=2  rollout-demo-0(cc1a60c0,True,new,   ) rollout-demo-1(816e7ed0,True,new,   )
t+118s  readyGroups=2  rollout-demo-0(cc1a60c0,True,new,   ) rollout-demo-1(816e7ed0,True,new,   )
t+119s  readyGroups=2  rollout-demo-0(cc1a60c0,True,new,   ) rollout-demo-1(816e7ed0,True,new,   )
t+120s  readyGroups=2  rollout-demo-0(cc1a60c0,True,new,   ) rollout-demo-1(816e7ed0,True,new,   )
[20:41:00] final UIDs:
rollout-demo-0 uid=cc1a60c0-04c5-4afe-b988-1f09cdae06ad
rollout-demo-1 uid=816e7ed0-6bcb-464e-ad0a-3b728ab821df
[20:41:00] controller signals:
{"level":"INFO","time":"2026-09-25T20:38:41.348+0800","caller":"workloads/rolebasedgroupset_controller.go:171","message":"Updating existing RoleBasedGroups","controller":"rbgset-controller","controllerGroup":"workloads.x-k8s.io","controllerKind":"RoleBasedGroupSet","RoleBasedGroupSet":{"name":"rollout-demo","namespace":"pr474-verify"},"namespace":"pr474-verify","name":"rollout-demo","reconcileID":"8c3341f7-2eb2-40b2-b19d-4a932e426665","rbgset":{"name":"rollout-demo","namespace":"pr474-verify"},"count":1}
{"level":"INFO","time":"2026-09-25T20:38:43.076+0800","caller":"workloads/rolebasedgroupset_controller.go:171","message":"Updating existing RoleBasedGroups","controller":"rbgset-controller","controllerGroup":"workloads.x-k8s.io","controllerKind":"RoleBasedGroupSet","RoleBasedGroupSet":{"name":"rollout-demo","namespace":"pr474-verify"},"namespace":"pr474-verify","name":"rollout-demo","reconcileID":"d1ace714-1b18-4531-879d-b82b0639efc8","rbgset":{"name":"rollout-demo","namespace":"pr474-verify"},"count":1}
{"level":"INFO","time":"2026-09-25T20:38:46.591+0800","caller":"workloads/rolebasedgroupset_controller.go:171","message":"Updating existing RoleBasedGroups","controller":"rbgset-controller","controllerGroup":"workloads.x-k8s.io","controllerKind":"RoleBasedGroupSet","RoleBasedGroupSet":{"name":"rollout-demo","namespace":"pr474-verify"},"namespace":"pr474-verify","name":"rollout-demo","reconcileID":"289dec8c-bb82-42f3-960a-5e7719a7bd45","rbgset":{"name":"rollout-demo","namespace":"pr474-verify"},"count":1}
{"level":"INFO","time":"2026-09-25T20:38:47.244+0800","caller":"workloads/rolebasedgroupset_controller.go:171","message":"Updating existing RoleBasedGroups","controller":"rbgset-controller","controllerGroup":"workloads.x-k8s.io","controllerKind":"RoleBasedGroupSet","RoleBasedGroupSet":{"name":"rollout-demo","namespace":"pr474-verify"},"namespace":"pr474-verify","name":"rollout-demo","reconcileID":"61e03c5a-e618-4e26-a773-8e954e66efdd","rbgset":{"name":"rollout-demo","namespace":"pr474-verify"},"count":2}
{"level":"INFO","time":"2026-09-25T20:38:47.280+0800","caller":"workloads/rolebasedgroupset_controller.go:171","message":"Updating existing RoleBasedGroups","controller":"rbgset-controller","controllerGroup":"workloads.x-k8s.io","controllerKind":"RoleBasedGroupSet","RoleBasedGroupSet":{"name":"rollout-demo","namespace":"pr474-verify"},"namespace":"pr474-verify","name":"rollout-demo","reconcileID":"0ea88559-a98b-4749-8c38-5bdb667c8d2d","rbgset":{"name":"rollout-demo","namespace":"pr474-verify"},"count":1}
{"level":"INFO","time":"2026-09-25T20:38:47.320+0800","caller":"workloads/rolebasedgroupset_controller.go:171","message":"Updating existing RoleBasedGroups","controller":"rbgset-controller","controllerGroup":"workloads.x-k8s.io","controllerKind":"RoleBasedGroupSet","RoleBasedGroupSet":{"name":"rollout-demo","namespace":"pr474-verify"},"namespace":"pr474-verify","name":"rollout-demo","reconcileID":"c8dc5859-9ef2-482d-97f4-a8f5225dc546","rbgset":{"name":"rollout-demo","namespace":"pr474-verify"},"count":1}
{"level":"INFO","time":"2026-09-25T20:38:47.333+0800","caller":"workloads/rolebasedgroupset_controller.go:171","message":"Updating existing RoleBasedGroups","controller":"rbgset-controller","controllerGroup":"workloads.x-k8s.io","controllerKind":"RoleBasedGroupSet","RoleBasedGroupSet":{"name":"rollout-demo","namespace":"pr474-verify"},"namespace":"pr474-verify","name":"rollout-demo","reconcileID":"34123586-4372-405f-aa32-d96409b77f1a","rbgset":{"name":"rollout-demo","namespace":"pr474-verify"},"count":1}
{"level":"INFO","time":"2026-09-25T20:38:47.430+0800","caller":"workloads/rolebasedgroupset_controller.go:171","message":"Updating existing RoleBasedGroups","controller":"rbgset-controller","controllerGroup":"workloads.x-k8s.io","controllerKind":"RoleBasedGroupSet","RoleBasedGroupSet":{"name":"rollout-demo","namespace":"pr474-verify"},"namespace":"pr474-verify","name":"rollout-demo","reconcileID":"7e925d08-eebc-4c9d-a855-b1dd513d3976","rbgset":{"name":"rollout-demo","namespace":"pr474-verify"},"count":2}
{"level":"INFO","time":"2026-09-25T20:38:47.522+0800","caller":"workloads/rolebasedgroupset_controller.go:171","message":"Updating existing RoleBasedGroups","controller":"rbgset-controller","controllerGroup":"workloads.x-k8s.io","controllerKind":"RoleBasedGroupSet","RoleBasedGroupSet":{"name":"rollout-demo","namespace":"pr474-verify"},"namespace":"pr474-verify","name":"rollout-demo","reconcileID":"8b40503c-2f98-4ccc-af20-b424475e1543","rbgset":{"name":"rollout-demo","namespace":"pr474-verify"},"count":1}
{"level":"INFO","time":"2026-09-25T20:38:51.085+0800","caller":"workloads/rolebasedgroupset_controller.go:171","message":"Updating existing RoleBasedGroups","controller":"rbgset-controller","controllerGroup":"workloads.x-k8s.io","controllerKind":"RoleBasedGroupSet","RoleBasedGroupSet":{"name":"rollout-demo","namespace":"pr474-verify"},"namespace":"pr474-verify","name":"rollout-demo","reconcileID":"536b27fe-c404-4c55-bf16-57806fd803cd","rbgset":{"name":"rollout-demo","namespace":"pr474-verify"},"count":1}
{"level":"INFO","time":"2026-09-25T20:38:51.121+0800","caller":"workloads/rolebasedgroupset_controller.go:171","message":"Updating existing RoleBasedGroups","controller":"rbgset-controller","controllerGroup":"workloads.x-k8s.io","controllerKind":"RoleBasedGroupSet","RoleBasedGroupSet":{"name":"rollout-demo","namespace":"pr474-verify"},"namespace":"pr474-verify","name":"rollout-demo","reconcileID":"e7c86d08-5393-4da3-a6a3-72a4ff825243","rbgset":{"name":"rollout-demo","namespace":"pr474-verify"},"count":1}
{"level":"INFO","time":"2026-09-25T20:38:51.219+0800","caller":"workloads/rolebasedgroupset_controller.go:171","message":"Updating existing RoleBasedGroups","controller":"rbgset-controller","controllerGroup":"workloads.x-k8s.io","controllerKind":"RoleBasedGroupSet","RoleBasedGroupSet":{"name":"rollout-demo","namespace":"pr474-verify"},"namespace":"pr474-verify","name":"rollout-demo","reconcileID":"becdf147-d6b8-4f6a-b8b2-1b1f5c53f3cc","rbgset":{"name":"rollout-demo","namespace":"pr474-verify"},"count":1}
[20:41:00] === done base ===
