[20:46:46] === live-rollout.sh label=head ===
[20:46:47] in-cluster controller scaled to 0; rbgs admission webhooks relaxed to Ignore
[20:46:56] controller up: {"level":"INFO","time":"2026-09-25T20:46:49.663+0800","caller":"controller/controller.go:289","message":"Starting workers","controller":"workloads-rolebasedgrou
rolebasedgroupset.workloads.x-k8s.io/rollout-demo created
[20:46:57] waiting for both children Ready
[20:47:01] both ready after 3s: readyGroups=2  rollout-demo-0(7c71e509,True,old,   ) rollout-demo-1(d49204d9,True,old,   )
[20:47:01] initial UIDs:
rollout-demo-0 uid=7c71e509-f9b6-483b-847d-ff2f1bd15e7c
rollout-demo-1 uid=d49204d9-4740-461a-a8ed-ef24acad8f63
[20:47:01] TRIGGER: add RBGSET_ROLLOUT_MARKER env to the group template
rolebasedgroupset.workloads.x-k8s.io/rollout-demo patched
t+1s  readyGroups=1  rollout-demo-0(7c71e509,True,old,   ) rollout-demo-1(d49204d9,True,old,del)
t+2s  readyGroups=1  rollout-demo-0(7c71e509,True,old,   ) rollout-demo-1(d49204d9,True,old,del)
t+3s  readyGroups=1  rollout-demo-0(7c71e509,True,old,   ) rollout-demo-1(da95c252,False,new,   )
t+4s  readyGroups=1  rollout-demo-0(7c71e509,True,old,   ) rollout-demo-1(da95c252,False,new,   )
t+5s  readyGroups=1  rollout-demo-0(7c71e509,True,old,del) rollout-demo-1(da95c252,True,new,   )
t+6s  readyGroups=1  rollout-demo-0(94caabdb,False,new,   ) rollout-demo-1(da95c252,True,new,   )
t+7s  readyGroups=1  rollout-demo-0(94caabdb,False,new,   ) rollout-demo-1(da95c252,True,new,   )
t+8s  readyGroups=2  rollout-demo-0(94caabdb,True,new,   ) rollout-demo-1(da95c252,True,new,   )
t+9s  readyGroups=2  rollout-demo-0(94caabdb,True,new,   ) rollout-demo-1(da95c252,True,new,   )
t+10s  readyGroups=2  rollout-demo-0(94caabdb,True,new,   ) rollout-demo-1(da95c252,True,new,   )
t+11s  readyGroups=2  rollout-demo-0(94caabdb,True,new,   ) rollout-demo-1(da95c252,True,new,   )
t+12s  readyGroups=2  rollout-demo-0(94caabdb,True,new,   ) rollout-demo-1(da95c252,True,new,   )
t+13s  readyGroups=2  rollout-demo-0(94caabdb,True,new,   ) rollout-demo-1(da95c252,True,new,   )
t+14s  readyGroups=2  rollout-demo-0(94caabdb,True,new,   ) rollout-demo-1(da95c252,True,new,   )
t+15s  readyGroups=2  rollout-demo-0(94caabdb,True,new,   ) rollout-demo-1(da95c252,True,new,   )
t+16s  readyGroups=2  rollout-demo-0(94caabdb,True,new,   ) rollout-demo-1(da95c252,True,new,   )
t+17s  readyGroups=2  rollout-demo-0(94caabdb,True,new,   ) rollout-demo-1(da95c252,True,new,   )
t+18s  readyGroups=2  rollout-demo-0(94caabdb,True,new,   ) rollout-demo-1(da95c252,True,new,   )
t+19s  readyGroups=2  rollout-demo-0(94caabdb,True,new,   ) rollout-demo-1(da95c252,True,new,   )
t+20s  readyGroups=2  rollout-demo-0(94caabdb,True,new,   ) rollout-demo-1(da95c252,True,new,   )
t+21s  readyGroups=2  rollout-demo-0(94caabdb,True,new,   ) rollout-demo-1(da95c252,True,new,   )
t+22s  readyGroups=2  rollout-demo-0(94caabdb,True,new,   ) rollout-demo-1(da95c252,True,new,   )
t+23s  readyGroups=2  rollout-demo-0(94caabdb,True,new,   ) rollout-demo-1(da95c252,True,new,   )
t+24s  readyGroups=2  rollout-demo-0(94caabdb,True,new,   ) rollout-demo-1(da95c252,True,new,   )
t+25s  readyGroups=2  rollout-demo-0(94caabdb,True,new,   ) rollout-demo-1(da95c252,True,new,   )
t+26s  readyGroups=2  rollout-demo-0(94caabdb,True,new,   ) rollout-demo-1(da95c252,True,new,   )
t+27s  readyGroups=2  rollout-demo-0(94caabdb,True,new,   ) rollout-demo-1(da95c252,True,new,   )
t+28s  readyGroups=2  rollout-demo-0(94caabdb,True,new,   ) rollout-demo-1(da95c252,True,new,   )
t+29s  readyGroups=2  rollout-demo-0(94caabdb,True,new,   ) rollout-demo-1(da95c252,True,new,   )
t+30s  readyGroups=2  rollout-demo-0(94caabdb,True,new,   ) rollout-demo-1(da95c252,True,new,   )
t+31s  readyGroups=2  rollout-demo-0(94caabdb,True,new,   ) rollout-demo-1(da95c252,True,new,   )
t+32s  readyGroups=2  rollout-demo-0(94caabdb,True,new,   ) rollout-demo-1(da95c252,True,new,   )
t+33s  readyGroups=2  rollout-demo-0(94caabdb,True,new,   ) rollout-demo-1(da95c252,True,new,   )
t+34s  readyGroups=2  rollout-demo-0(94caabdb,True,new,   ) rollout-demo-1(da95c252,True,new,   )
t+35s  readyGroups=2  rollout-demo-0(94caabdb,True,new,   ) rollout-demo-1(da95c252,True,new,   )
t+36s  readyGroups=2  rollout-demo-0(94caabdb,True,new,   ) rollout-demo-1(da95c252,True,new,   )
t+37s  readyGroups=2  rollout-demo-0(94caabdb,True,new,   ) rollout-demo-1(da95c252,True,new,   )
t+38s  readyGroups=2  rollout-demo-0(94caabdb,True,new,   ) rollout-demo-1(da95c252,True,new,   )
t+39s  readyGroups=2  rollout-demo-0(94caabdb,True,new,   ) rollout-demo-1(da95c252,True,new,   )
t+40s  readyGroups=2  rollout-demo-0(94caabdb,True,new,   ) rollout-demo-1(da95c252,True,new,   )
t+41s  readyGroups=2  rollout-demo-0(94caabdb,True,new,   ) rollout-demo-1(da95c252,True,new,   )
t+42s  readyGroups=2  rollout-demo-0(94caabdb,True,new,   ) rollout-demo-1(da95c252,True,new,   )
t+43s  readyGroups=2  rollout-demo-0(94caabdb,True,new,   ) rollout-demo-1(da95c252,True,new,   )
t+44s  readyGroups=2  rollout-demo-0(94caabdb,True,new,   ) rollout-demo-1(da95c252,True,new,   )
t+45s  readyGroups=2  rollout-demo-0(94caabdb,True,new,   ) rollout-demo-1(da95c252,True,new,   )
t+46s  readyGroups=2  rollout-demo-0(94caabdb,True,new,   ) rollout-demo-1(da95c252,True,new,   )
t+47s  readyGroups=2  rollout-demo-0(94caabdb,True,new,   ) rollout-demo-1(da95c252,True,new,   )
t+48s  readyGroups=2  rollout-demo-0(94caabdb,True,new,   ) rollout-demo-1(da95c252,True,new,   )
t+49s  readyGroups=2  rollout-demo-0(94caabdb,True,new,   ) rollout-demo-1(da95c252,True,new,   )
t+50s  readyGroups=2  rollout-demo-0(94caabdb,True,new,   ) rollout-demo-1(da95c252,True,new,   )
t+51s  readyGroups=2  rollout-demo-0(94caabdb,True,new,   ) rollout-demo-1(da95c252,True,new,   )
t+52s  readyGroups=2  rollout-demo-0(94caabdb,True,new,   ) rollout-demo-1(da95c252,True,new,   )
t+53s  readyGroups=2  rollout-demo-0(94caabdb,True,new,   ) rollout-demo-1(da95c252,True,new,   )
t+54s  readyGroups=2  rollout-demo-0(94caabdb,True,new,   ) rollout-demo-1(da95c252,True,new,   )
t+55s  readyGroups=2  rollout-demo-0(94caabdb,True,new,   ) rollout-demo-1(da95c252,True,new,   )
t+56s  readyGroups=2  rollout-demo-0(94caabdb,True,new,   ) rollout-demo-1(da95c252,True,new,   )
t+57s  readyGroups=2  rollout-demo-0(94caabdb,True,new,   ) rollout-demo-1(da95c252,True,new,   )
t+58s  readyGroups=2  rollout-demo-0(94caabdb,True,new,   ) rollout-demo-1(da95c252,True,new,   )
t+59s  readyGroups=2  rollout-demo-0(94caabdb,True,new,   ) rollout-demo-1(da95c252,True,new,   )
t+60s  readyGroups=2  rollout-demo-0(94caabdb,True,new,   ) rollout-demo-1(da95c252,True,new,   )
t+61s  readyGroups=2  rollout-demo-0(94caabdb,True,new,   ) rollout-demo-1(da95c252,True,new,   )
t+62s  readyGroups=2  rollout-demo-0(94caabdb,True,new,   ) rollout-demo-1(da95c252,True,new,   )
t+63s  readyGroups=2  rollout-demo-0(94caabdb,True,new,   ) rollout-demo-1(da95c252,True,new,   )
t+64s  readyGroups=2  rollout-demo-0(94caabdb,True,new,   ) rollout-demo-1(da95c252,True,new,   )
t+65s  readyGroups=2  rollout-demo-0(94caabdb,True,new,   ) rollout-demo-1(da95c252,True,new,   )
t+66s  readyGroups=2  rollout-demo-0(94caabdb,True,new,   ) rollout-demo-1(da95c252,True,new,   )
t+67s  readyGroups=2  rollout-demo-0(94caabdb,True,new,   ) rollout-demo-1(da95c252,True,new,   )
t+68s  readyGroups=2  rollout-demo-0(94caabdb,True,new,   ) rollout-demo-1(da95c252,True,new,   )
t+69s  readyGroups=2  rollout-demo-0(94caabdb,True,new,   ) rollout-demo-1(da95c252,True,new,   )
t+70s  readyGroups=2  rollout-demo-0(94caabdb,True,new,   ) rollout-demo-1(da95c252,True,new,   )
t+71s  readyGroups=2  rollout-demo-0(94caabdb,True,new,   ) rollout-demo-1(da95c252,True,new,   )
t+72s  readyGroups=2  rollout-demo-0(94caabdb,True,new,   ) rollout-demo-1(da95c252,True,new,   )
t+73s  readyGroups=2  rollout-demo-0(94caabdb,True,new,   ) rollout-demo-1(da95c252,True,new,   )
t+74s  readyGroups=2  rollout-demo-0(94caabdb,True,new,   ) rollout-demo-1(da95c252,True,new,   )
t+75s  readyGroups=2  rollout-demo-0(94caabdb,True,new,   ) rollout-demo-1(da95c252,True,new,   )
t+76s  readyGroups=2  rollout-demo-0(94caabdb,True,new,   ) rollout-demo-1(da95c252,True,new,   )
t+77s  readyGroups=2  rollout-demo-0(94caabdb,True,new,   ) rollout-demo-1(da95c252,True,new,   )
t+78s  readyGroups=2  rollout-demo-0(94caabdb,True,new,   ) rollout-demo-1(da95c252,True,new,   )
t+79s  readyGroups=2  rollout-demo-0(94caabdb,True,new,   ) rollout-demo-1(da95c252,True,new,   )
t+80s  readyGroups=2  rollout-demo-0(94caabdb,True,new,   ) rollout-demo-1(da95c252,True,new,   )
t+81s  readyGroups=2  rollout-demo-0(94caabdb,True,new,   ) rollout-demo-1(da95c252,True,new,   )
t+82s  readyGroups=2  rollout-demo-0(94caabdb,True,new,   ) rollout-demo-1(da95c252,True,new,   )
t+83s  readyGroups=2  rollout-demo-0(94caabdb,True,new,   ) rollout-demo-1(da95c252,True,new,   )
t+84s  readyGroups=2  rollout-demo-0(94caabdb,True,new,   ) rollout-demo-1(da95c252,True,new,   )
t+85s  readyGroups=2  rollout-demo-0(94caabdb,True,new,   ) rollout-demo-1(da95c252,True,new,   )
t+86s  readyGroups=2  rollout-demo-0(94caabdb,True,new,   ) rollout-demo-1(da95c252,True,new,   )
t+87s  readyGroups=2  rollout-demo-0(94caabdb,True,new,   ) rollout-demo-1(da95c252,True,new,   )
t+88s  readyGroups=2  rollout-demo-0(94caabdb,True,new,   ) rollout-demo-1(da95c252,True,new,   )
t+89s  readyGroups=2  rollout-demo-0(94caabdb,True,new,   ) rollout-demo-1(da95c252,True,new,   )
t+90s  readyGroups=2  rollout-demo-0(94caabdb,True,new,   ) rollout-demo-1(da95c252,True,new,   )
t+91s  readyGroups=2  rollout-demo-0(94caabdb,True,new,   ) rollout-demo-1(da95c252,True,new,   )
t+92s  readyGroups=2  rollout-demo-0(94caabdb,True,new,   ) rollout-demo-1(da95c252,True,new,   )
t+93s  readyGroups=2  rollout-demo-0(94caabdb,True,new,   ) rollout-demo-1(da95c252,True,new,   )
t+94s  readyGroups=2  rollout-demo-0(94caabdb,True,new,   ) rollout-demo-1(da95c252,True,new,   )
t+95s  readyGroups=2  rollout-demo-0(94caabdb,True,new,   ) rollout-demo-1(da95c252,True,new,   )
t+96s  readyGroups=2  rollout-demo-0(94caabdb,True,new,   ) rollout-demo-1(da95c252,True,new,   )
t+97s  readyGroups=2  rollout-demo-0(94caabdb,True,new,   ) rollout-demo-1(da95c252,True,new,   )
t+98s  readyGroups=2  rollout-demo-0(94caabdb,True,new,   ) rollout-demo-1(da95c252,True,new,   )
t+99s  readyGroups=2  rollout-demo-0(94caabdb,True,new,   ) rollout-demo-1(da95c252,True,new,   )
t+100s  readyGroups=2  rollout-demo-0(94caabdb,True,new,   ) rollout-demo-1(da95c252,True,new,   )
t+101s  readyGroups=2  rollout-demo-0(94caabdb,True,new,   ) rollout-demo-1(da95c252,True,new,   )
t+102s  readyGroups=2  rollout-demo-0(94caabdb,True,new,   ) rollout-demo-1(da95c252,True,new,   )
t+103s  readyGroups=2  rollout-demo-0(94caabdb,True,new,   ) rollout-demo-1(da95c252,True,new,   )
t+104s  readyGroups=2  rollout-demo-0(94caabdb,True,new,   ) rollout-demo-1(da95c252,True,new,   )
t+105s  readyGroups=2  rollout-demo-0(94caabdb,True,new,   ) rollout-demo-1(da95c252,True,new,   )
t+106s  readyGroups=2  rollout-demo-0(94caabdb,True,new,   ) rollout-demo-1(da95c252,True,new,   )
t+107s  readyGroups=2  rollout-demo-0(94caabdb,True,new,   ) rollout-demo-1(da95c252,True,new,   )
t+108s  readyGroups=2  rollout-demo-0(94caabdb,True,new,   ) rollout-demo-1(da95c252,True,new,   )
t+109s  readyGroups=2  rollout-demo-0(94caabdb,True,new,   ) rollout-demo-1(da95c252,True,new,   )
t+110s  readyGroups=2  rollout-demo-0(94caabdb,True,new,   ) rollout-demo-1(da95c252,True,new,   )
t+111s  readyGroups=2  rollout-demo-0(94caabdb,True,new,   ) rollout-demo-1(da95c252,True,new,   )
t+112s  readyGroups=2  rollout-demo-0(94caabdb,True,new,   ) rollout-demo-1(da95c252,True,new,   )
t+113s  readyGroups=2  rollout-demo-0(94caabdb,True,new,   ) rollout-demo-1(da95c252,True,new,   )
t+114s  readyGroups=2  rollout-demo-0(94caabdb,True,new,   ) rollout-demo-1(da95c252,True,new,   )
t+115s  readyGroups=2  rollout-demo-0(94caabdb,True,new,   ) rollout-demo-1(da95c252,True,new,   )
t+116s  readyGroups=2  rollout-demo-0(94caabdb,True,new,   ) rollout-demo-1(da95c252,True,new,   )
t+117s  readyGroups=2  rollout-demo-0(94caabdb,True,new,   ) rollout-demo-1(da95c252,True,new,   )
t+118s  readyGroups=2  rollout-demo-0(94caabdb,True,new,   ) rollout-demo-1(da95c252,True,new,   )
t+119s  readyGroups=2  rollout-demo-0(94caabdb,True,new,   ) rollout-demo-1(da95c252,True,new,   )
t+120s  readyGroups=2  rollout-demo-0(94caabdb,True,new,   ) rollout-demo-1(da95c252,True,new,   )
[20:49:14] final UIDs:
rollout-demo-0 uid=94caabdb-6e96-4dbe-a6b3-d20de4b0944b
rollout-demo-1 uid=da95c252-189d-493c-869f-c1f588d16136
[20:49:14] controller signals:
{"level":"INFO","time":"2026-09-25T20:46:57.141+0800","caller":"workloads/rolebasedgroupset_controller.go:450","message":"Scaling up RoleBasedGroups","controller":"rbgset-controller","controllerGroup":"workloads.x-k8s.io","controllerKind":"RoleBasedGroupSet","RoleBasedGroupSet":{"name":"rollout-demo","namespace":"pr474-verify"},"namespace":"pr474-verify","name":"rollout-demo","reconcileID":"d66d07ae-d407-4199-82ee-9f50c604ede6","rbgset":{"name":"rollout-demo","namespace":"pr474-verify"},"count":2}
{"level":"INFO","time":"2026-09-25T20:47:01.562+0800","caller":"workloads/rolebasedgroupset_controller.go:550","message":"Recreating outdated RoleBasedGroup","controller":"rbgset-controller","controllerGroup":"workloads.x-k8s.io","controllerKind":"RoleBasedGroupSet","RoleBasedGroupSet":{"name":"rollout-demo","namespace":"pr474-verify"},"namespace":"pr474-verify","name":"rollout-demo","reconcileID":"90746766-0f76-4e44-b653-d6374fbf9233","rbgset":{"name":"rollout-demo","namespace":"pr474-verify"},"name":"rollout-demo-1"}
{"level":"INFO","time":"2026-09-25T20:47:01.573+0800","caller":"workloads/rolebasedgroupset_controller.go:544","message":"Unavailability budget exhausted, waiting before recreating more RoleBasedGroups","controller":"rbgset-controller","controllerGroup":"workloads.x-k8s.io","controllerKind":"RoleBasedGroupSet","RoleBasedGroupSet":{"name":"rollout-demo","namespace":"pr474-verify"},"namespace":"pr474-verify","name":"rollout-demo","reconcileID":"90746766-0f76-4e44-b653-d6374fbf9233","rbgset":{"name":"rollout-demo","namespace":"pr474-verify"},"unavailable":1,"budget":1}
{"level":"INFO","time":"2026-09-25T20:47:01.584+0800","caller":"workloads/rolebasedgroupset_controller.go:544","message":"Unavailability budget exhausted, waiting before recreating more RoleBasedGroups","controller":"rbgset-controller","controllerGroup":"workloads.x-k8s.io","controllerKind":"RoleBasedGroupSet","RoleBasedGroupSet":{"name":"rollout-demo","namespace":"pr474-verify"},"namespace":"pr474-verify","name":"rollout-demo","reconcileID":"a2561408-f886-462a-b68a-e348a2c5dded","rbgset":{"name":"rollout-demo","namespace":"pr474-verify"},"unavailable":1,"budget":1}
{"level":"INFO","time":"2026-09-25T20:47:03.495+0800","caller":"workloads/rolebasedgroupset_controller.go:450","message":"Scaling up RoleBasedGroups","controller":"rbgset-controller","controllerGroup":"workloads.x-k8s.io","controllerKind":"RoleBasedGroupSet","RoleBasedGroupSet":{"name":"rollout-demo","namespace":"pr474-verify"},"namespace":"pr474-verify","name":"rollout-demo","reconcileID":"5503e902-2c95-4dc8-83d1-6f8d3dc70f76","rbgset":{"name":"rollout-demo","namespace":"pr474-verify"},"count":1}
{"level":"INFO","time":"2026-09-25T20:47:03.502+0800","caller":"workloads/rolebasedgroupset_controller.go:544","message":"Unavailability budget exhausted, waiting before recreating more RoleBasedGroups","controller":"rbgset-controller","controllerGroup":"workloads.x-k8s.io","controllerKind":"RoleBasedGroupSet","RoleBasedGroupSet":{"name":"rollout-demo","namespace":"pr474-verify"},"namespace":"pr474-verify","name":"rollout-demo","reconcileID":"5503e902-2c95-4dc8-83d1-6f8d3dc70f76","rbgset":{"name":"rollout-demo","namespace":"pr474-verify"},"unavailable":1,"budget":1}
{"level":"INFO","time":"2026-09-25T20:47:03.510+0800","caller":"workloads/rolebasedgroupset_controller.go:544","message":"Unavailability budget exhausted, waiting before recreating more RoleBasedGroups","controller":"rbgset-controller","controllerGroup":"workloads.x-k8s.io","controllerKind":"RoleBasedGroupSet","RoleBasedGroupSet":{"name":"rollout-demo","namespace":"pr474-verify"},"namespace":"pr474-verify","name":"rollout-demo","reconcileID":"888b72c5-8673-46a4-bb56-dbb8b1767970","rbgset":{"name":"rollout-demo","namespace":"pr474-verify"},"unavailable":1,"budget":1}
{"level":"INFO","time":"2026-09-25T20:47:03.514+0800","caller":"workloads/rolebasedgroupset_controller.go:544","message":"Unavailability budget exhausted, waiting before recreating more RoleBasedGroups","controller":"rbgset-controller","controllerGroup":"workloads.x-k8s.io","controllerKind":"RoleBasedGroupSet","RoleBasedGroupSet":{"name":"rollout-demo","namespace":"pr474-verify"},"namespace":"pr474-verify","name":"rollout-demo","reconcileID":"3f5dd088-40f0-4662-8371-3f83879b1778","rbgset":{"name":"rollout-demo","namespace":"pr474-verify"},"unavailable":1,"budget":1}
{"level":"INFO","time":"2026-09-25T20:47:03.528+0800","caller":"workloads/rolebasedgroupset_controller.go:544","message":"Unavailability budget exhausted, waiting before recreating more RoleBasedGroups","controller":"rbgset-controller","controllerGroup":"workloads.x-k8s.io","controllerKind":"RoleBasedGroupSet","RoleBasedGroupSet":{"name":"rollout-demo","namespace":"pr474-verify"},"namespace":"pr474-verify","name":"rollout-demo","reconcileID":"9779b6e9-26c2-4666-9ef1-7be2f10a37e9","rbgset":{"name":"rollout-demo","namespace":"pr474-verify"},"unavailable":1,"budget":1}
{"level":"INFO","time":"2026-09-25T20:47:03.568+0800","caller":"workloads/rolebasedgroupset_controller.go:544","message":"Unavailability budget exhausted, waiting before recreating more RoleBasedGroups","controller":"rbgset-controller","controllerGroup":"workloads.x-k8s.io","controllerKind":"RoleBasedGroupSet","RoleBasedGroupSet":{"name":"rollout-demo","namespace":"pr474-verify"},"namespace":"pr474-verify","name":"rollout-demo","reconcileID":"557abbb7-8048-4060-9dea-fe3bce9f66d2","rbgset":{"name":"rollout-demo","namespace":"pr474-verify"},"unavailable":1,"budget":1}
{"level":"INFO","time":"2026-09-25T20:47:05.898+0800","caller":"workloads/rolebasedgroupset_controller.go:550","message":"Recreating outdated RoleBasedGroup","controller":"rbgset-controller","controllerGroup":"workloads.x-k8s.io","controllerKind":"RoleBasedGroupSet","RoleBasedGroupSet":{"name":"rollout-demo","namespace":"pr474-verify"},"namespace":"pr474-verify","name":"rollout-demo","reconcileID":"2c84fe68-cfeb-4712-8c41-606cf0a5d1c9","rbgset":{"name":"rollout-demo","namespace":"pr474-verify"},"name":"rollout-demo-0"}
{"level":"INFO","time":"2026-09-25T20:47:06.923+0800","caller":"workloads/rolebasedgroupset_controller.go:450","message":"Scaling up RoleBasedGroups","controller":"rbgset-controller","controllerGroup":"workloads.x-k8s.io","controllerKind":"RoleBasedGroupSet","RoleBasedGroupSet":{"name":"rollout-demo","namespace":"pr474-verify"},"namespace":"pr474-verify","name":"rollout-demo","reconcileID":"ba606948-b1a8-47f7-9ca1-dddc95fb2ffb","rbgset":{"name":"rollout-demo","namespace":"pr474-verify"},"count":1}
[20:49:14] === done head ===
