{"level":"INFO","time":"2026-08-27T09:40:05.797+0800","logger":"setup","caller":"rbgs/main.go:115","message":"RoleBasedGroup Controller Version: , git commit: , build date: "}
{"level":"INFO","time":"2026-08-27T09:40:05.798+0800","logger":"setup","caller":"rbgs/main.go:121","message":"Go Version: go1.24.1"}
{"level":"INFO","time":"2026-08-27T09:40:05.798+0800","logger":"setup","caller":"rbgs/main.go:122","message":"Go OS/Arch: linux/amd64"}
{"level":"INFO","time":"2026-08-27T09:40:05.798+0800","logger":"setup","caller":"rbgs/main.go:523","message":"Webhooks disabled: forcing LeaderElection=false, Metrics.SecureServing=false"}
{"level":"INFO","time":"2026-08-27T09:40:05.836+0800","logger":"setup","caller":"rbgs/main.go:359","message":"Webhooks are disabled: cert bootstrap, conversion and admission webhooks will not be started"}
{"level":"INFO","time":"2026-08-27T09:40:06.466+0800","logger":"setup","caller":"rbgs/main.go:436","message":"register field index"}
{"level":"INFO","time":"2026-08-27T09:40:06.470+0800","logger":"setup","caller":"rbgs/main.go:484","message":"starting manager"}
{"level":"INFO","time":"2026-08-27T09:40:06.470+0800","caller":"manager/server.go:83","message":"starting server","name":"health probe","addr":"[::]:9091"}
{"level":"INFO","time":"2026-08-27T09:40:06.576+0800","caller":"controller/controller.go:353","message":"Starting EventSource","controller":"rbgset-controller","controllerGroup":"workloads.x-k8s.io","controllerKind":"RoleBasedGroupSet","source":"kind source: *v1alpha2.RoleBasedGroup"}
{"level":"INFO","time":"2026-08-27T09:40:06.576+0800","caller":"controller/controller.go:353","message":"Starting EventSource","controller":"workloads-rolebasedgroup","controllerGroup":"workloads.x-k8s.io","controllerKind":"RoleBasedGroup","source":"kind source: *v1alpha2.RoleBasedGroup"}
{"level":"INFO","time":"2026-08-27T09:40:06.576+0800","caller":"controller/controller.go:353","message":"Starting EventSource","controller":"workloads-rolebasedgroup","controllerGroup":"workloads.x-k8s.io","controllerKind":"RoleBasedGroup","source":"kind source: *v1alpha2.RoleInstanceSet"}
{"level":"INFO","time":"2026-08-27T09:40:06.576+0800","caller":"controller/controller.go:353","message":"Starting EventSource","controller":"workloads-rolebasedgroup","controllerGroup":"workloads.x-k8s.io","controllerKind":"RoleBasedGroup","source":"kind source: *v1.Service"}
{"level":"INFO","time":"2026-08-27T09:40:06.576+0800","caller":"controller/controller.go:353","message":"Starting EventSource","controller":"workloads-rolebasedgroup","controllerGroup":"workloads.x-k8s.io","controllerKind":"RoleBasedGroup","source":"kind source: *v1alpha2.RoleBasedGroupScalingAdapter"}
{"level":"INFO","time":"2026-08-27T09:40:06.576+0800","caller":"controller/controller.go:353","message":"Starting EventSource","controller":"workloads-rolebasedgroup","controllerGroup":"workloads.x-k8s.io","controllerKind":"RoleBasedGroup","source":"kind source: *v1.StatefulSet"}
{"level":"INFO","time":"2026-08-27T09:40:06.576+0800","caller":"controller/controller.go:353","message":"Starting EventSource","controller":"roleinstanceset","controllerGroup":"workloads.x-k8s.io","controllerKind":"RoleInstanceSet","source":"kind source: *v1alpha2.RoleInstance"}
{"level":"INFO","time":"2026-08-27T09:40:06.576+0800","caller":"controller/controller.go:353","message":"Starting EventSource","controller":"workloads-rolebasedgroup","controllerGroup":"workloads.x-k8s.io","controllerKind":"RoleBasedGroup","source":"kind source: *v1.Deployment"}
{"level":"INFO","time":"2026-08-27T09:40:06.576+0800","caller":"controller/controller.go:353","message":"Starting EventSource","controller":"rbgset-controller","controllerGroup":"workloads.x-k8s.io","controllerKind":"RoleBasedGroupSet","source":"kind source: *v1alpha2.RoleBasedGroupSet"}
{"level":"INFO","time":"2026-08-27T09:40:06.576+0800","caller":"controller/controller.go:353","message":"Starting EventSource","controller":"workloads-rolebasedgroup","controllerGroup":"workloads.x-k8s.io","controllerKind":"RoleBasedGroup","source":"kind source: *v1alpha2.RoleBasedGroup"}
{"level":"INFO","time":"2026-08-27T09:40:06.576+0800","caller":"controller/controller.go:353","message":"Starting EventSource","controller":"workloads-rolebasedgroup-scalingadapter","controllerGroup":"workloads.x-k8s.io","controllerKind":"RoleBasedGroupScalingAdapter","source":"kind source: *v1alpha2.RoleBasedGroup"}
{"level":"INFO","time":"2026-08-27T09:40:06.576+0800","caller":"controller/controller.go:353","message":"Starting EventSource","controller":"workloads-rolebasedgroup","controllerGroup":"workloads.x-k8s.io","controllerKind":"RoleBasedGroup","source":"kind source: *v1alpha1.PodGroup"}
{"level":"INFO","time":"2026-08-27T09:40:06.576+0800","caller":"controller/controller.go:353","message":"Starting EventSource","controller":"workloads-rolebasedgroup","controllerGroup":"workloads.x-k8s.io","controllerKind":"RoleBasedGroup","source":"kind source: *v1beta1.PodGroup"}
{"level":"INFO","time":"2026-08-27T09:40:06.577+0800","caller":"controller/controller.go:353","message":"Starting EventSource","controller":"workloads-rolebasedgroup-scalingadapter","controllerGroup":"workloads.x-k8s.io","controllerKind":"RoleBasedGroupScalingAdapter","source":"kind source: *v1alpha2.RoleBasedGroupScalingAdapter"}
{"level":"INFO","time":"2026-08-27T09:40:06.577+0800","caller":"controller/controller.go:353","message":"Starting EventSource","controller":"roleinstance","controllerGroup":"workloads.x-k8s.io","controllerKind":"RoleInstance","source":"kind source: *v1.Pod"}
{"level":"INFO","time":"2026-08-27T09:40:06.577+0800","caller":"controller/controller.go:353","message":"Starting EventSource","controller":"roleinstanceset","controllerGroup":"workloads.x-k8s.io","controllerKind":"RoleInstanceSet","source":"kind source: *v1alpha2.RoleInstanceSet"}
{"level":"INFO","time":"2026-08-27T09:40:06.577+0800","caller":"controller/controller.go:353","message":"Starting EventSource","controller":"roleinstanceset","controllerGroup":"workloads.x-k8s.io","controllerKind":"RoleInstanceSet","source":"kind source: *v1alpha2.RoleInstance"}
{"level":"INFO","time":"2026-08-27T09:40:06.577+0800","caller":"controller/controller.go:353","message":"Starting EventSource","controller":"rbgwarmup-controller","controllerGroup":"workloads.x-k8s.io","controllerKind":"RoleBasedGroupWarmup","source":"kind source: *v1.Pod"}
{"level":"INFO","time":"2026-08-27T09:40:06.577+0800","caller":"controller/controller.go:353","message":"Starting EventSource","controller":"roleinstance","controllerGroup":"workloads.x-k8s.io","controllerKind":"RoleInstance","source":"kind source: *v1alpha2.RoleInstance"}
{"level":"INFO","time":"2026-08-27T09:40:06.577+0800","caller":"controller/controller.go:353","message":"Starting EventSource","controller":"rbgwarmup-controller","controllerGroup":"workloads.x-k8s.io","controllerKind":"RoleBasedGroupWarmup","source":"kind source: *v1alpha2.RoleBasedGroupWarmup"}
{"level":"INFO","time":"2026-08-27T09:40:06.678+0800","caller":"controller/controller.go:286","message":"Starting Controller","controller":"roleinstanceset","controllerGroup":"workloads.x-k8s.io","controllerKind":"RoleInstanceSet"}
{"level":"INFO","time":"2026-08-27T09:40:06.678+0800","caller":"controller/controller.go:286","message":"Starting Controller","controller":"rbgset-controller","controllerGroup":"workloads.x-k8s.io","controllerKind":"RoleBasedGroupSet"}
{"level":"INFO","time":"2026-08-27T09:40:06.678+0800","caller":"controller/controller.go:289","message":"Starting workers","controller":"roleinstanceset","controllerGroup":"workloads.x-k8s.io","controllerKind":"RoleInstanceSet","worker count":10}
{"level":"INFO","time":"2026-08-27T09:40:06.679+0800","caller":"controller/controller.go:286","message":"Starting Controller","controller":"workloads-rolebasedgroup-scalingadapter","controllerGroup":"workloads.x-k8s.io","controllerKind":"RoleBasedGroupScalingAdapter"}
{"level":"INFO","time":"2026-08-27T09:40:06.679+0800","caller":"controller/controller.go:289","message":"Starting workers","controller":"workloads-rolebasedgroup-scalingadapter","controllerGroup":"workloads.x-k8s.io","controllerKind":"RoleBasedGroupScalingAdapter","worker count":10}
{"level":"INFO","time":"2026-08-27T09:40:06.679+0800","caller":"controller/controller.go:286","message":"Starting Controller","controller":"rbgwarmup-controller","controllerGroup":"workloads.x-k8s.io","controllerKind":"RoleBasedGroupWarmup"}
{"level":"INFO","time":"2026-08-27T09:40:06.679+0800","caller":"controller/controller.go:289","message":"Starting workers","controller":"rbgwarmup-controller","controllerGroup":"workloads.x-k8s.io","controllerKind":"RoleBasedGroupWarmup","worker count":10}
{"level":"INFO","time":"2026-08-27T09:40:06.679+0800","caller":"controller/controller.go:286","message":"Starting Controller","controller":"workloads-rolebasedgroup","controllerGroup":"workloads.x-k8s.io","controllerKind":"RoleBasedGroup"}
{"level":"INFO","time":"2026-08-27T09:40:06.679+0800","caller":"controller/controller.go:289","message":"Starting workers","controller":"workloads-rolebasedgroup","controllerGroup":"workloads.x-k8s.io","controllerKind":"RoleBasedGroup","worker count":10}
{"level":"INFO","time":"2026-08-27T09:40:06.678+0800","caller":"controller/controller.go:289","message":"Starting workers","controller":"rbgset-controller","controllerGroup":"workloads.x-k8s.io","controllerKind":"RoleBasedGroupSet","worker count":10}
{"level":"INFO","time":"2026-08-27T09:40:06.679+0800","caller":"workloads/rolebasedgroup_controller.go:1529","message":"enqueue: rbg create event","rbg":{"name":"nginx-cluster","namespace":"default"}}
{"level":"INFO","time":"2026-08-27T09:40:06.680+0800","caller":"workloads/rolebasedgroup_controller.go:1529","message":"enqueue: rbg create event","rbg":{"name":"test-rbg","namespace":"pr433-test"}}
{"level":"INFO","time":"2026-08-27T09:40:06.680+0800","caller":"workloads/rolebasedgroup_controller.go:175","message":"Start reconciling","controller":"workloads-rolebasedgroup","controllerGroup":"workloads.x-k8s.io","controllerKind":"RoleBasedGroup","RoleBasedGroup":{"name":"nginx-cluster","namespace":"default"},"namespace":"default","name":"nginx-cluster","reconcileID":"8cc2862b-966c-46cf-8875-7578d0d914e2","rbg":{"name":"nginx-cluster","namespace":"default"}}
{"level":"INFO","time":"2026-08-27T09:40:06.681+0800","caller":"workloads/rolebasedgroup_controller.go:1652","message":"rbgs controller watch RoleInstanceSet CRD","controller":"workloads-rolebasedgroup","controllerGroup":"workloads.x-k8s.io","controllerKind":"RoleBasedGroup","RoleBasedGroup":{"name":"nginx-cluster","namespace":"default"},"namespace":"default","name":"nginx-cluster","reconcileID":"8cc2862b-966c-46cf-8875-7578d0d914e2","rbg":{"name":"nginx-cluster","namespace":"default"},"role":"frontend"}
{"level":"INFO","time":"2026-08-27T09:40:06.678+0800","caller":"controller/controller.go:286","message":"Starting Controller","controller":"roleinstance","controllerGroup":"workloads.x-k8s.io","controllerKind":"RoleInstance"}
{"level":"INFO","time":"2026-08-27T09:40:06.682+0800","caller":"controller/controller.go:289","message":"Starting workers","controller":"roleinstance","controllerGroup":"workloads.x-k8s.io","controllerKind":"RoleInstance","worker count":10}
{"level":"INFO","time":"2026-08-27T09:40:06.683+0800","caller":"workloads/rolebasedgroup_controller.go:175","message":"Start reconciling","controller":"workloads-rolebasedgroup","controllerGroup":"workloads.x-k8s.io","controllerKind":"RoleBasedGroup","RoleBasedGroup":{"name":"test-rbg","namespace":"pr433-test"},"namespace":"pr433-test","name":"test-rbg","reconcileID":"71186e99-a4fd-407b-a1aa-167f6fdf1c96","rbg":{"name":"test-rbg","namespace":"pr433-test"}}
I0827 09:40:06.810832 2608274 stateful_instance_set_controller.go:166] "Finished syncing InstanceSet" instanceSet="pr433-test/test-rbg-worker" elapsedTime="129.744113ms"
I0827 09:40:06.811112 2608274 stateful_instance_set_controller.go:166] "Finished syncing InstanceSet" instanceSet="default/nginx-cluster-backend" elapsedTime="129.046793ms"
I0827 09:40:06.811131 2608274 stateful_instance_set_controller.go:166] "Finished syncing InstanceSet" instanceSet="default/nginx-cluster-frontend" elapsedTime="129.004663ms"
{"level":"INFO","time":"2026-08-27T09:40:07.559+0800","caller":"workloads/rolebasedgroup_controller.go:178","message":"Finished reconciling","controller":"workloads-rolebasedgroup","controllerGroup":"workloads.x-k8s.io","controllerKind":"RoleBasedGroup","RoleBasedGroup":{"name":"test-rbg","namespace":"pr433-test"},"namespace":"pr433-test","name":"test-rbg","reconcileID":"71186e99-a4fd-407b-a1aa-167f6fdf1c96","rbg":{"name":"test-rbg","namespace":"pr433-test"},"duration":0.876078877}
{"level":"INFO","time":"2026-08-27T09:40:07.573+0800","caller":"workloads/rolebasedgroup_controller.go:178","message":"Finished reconciling","controller":"workloads-rolebasedgroup","controllerGroup":"workloads.x-k8s.io","controllerKind":"RoleBasedGroup","RoleBasedGroup":{"name":"nginx-cluster","namespace":"default"},"namespace":"default","name":"nginx-cluster","reconcileID":"8cc2862b-966c-46cf-8875-7578d0d914e2","rbg":{"name":"nginx-cluster","namespace":"default"},"duration":0.892474835}
