[20:48:06] apply rev1 (failing readinessProbe)
[20:48:06] both RIs RoleInstanceReady=False (freshly unhealthy) at poll #2 — applying rev2 NOW
[20:48:07] rev2 applied at 1789562887
[20:48:08] t+1s  replicas=2 ready=0 updated=0 currentRev=ris-stall-56b88bf5d7 updateRev=ris-stall-7f748f5454
[20:48:09] t+2s  replicas=2 ready=0 updated=0 currentRev=ris-stall-56b88bf5d7 updateRev=ris-stall-7f748f5454
[20:48:10] t+3s  replicas=2 ready=0 updated=0 currentRev=ris-stall-56b88bf5d7 updateRev=ris-stall-7f748f5454
[20:48:11] t+4s  replicas=2 ready=0 updated=0 currentRev=ris-stall-56b88bf5d7 updateRev=ris-stall-7f748f5454
[20:48:12] t+5s  replicas=2 ready=0 updated=0 currentRev=ris-stall-56b88bf5d7 updateRev=ris-stall-7f748f5454
[20:48:13] t+6s  replicas=2 ready=0 updated=0 currentRev=ris-stall-56b88bf5d7 updateRev=ris-stall-7f748f5454
[20:48:14] t+7s  replicas=2 ready=0 updated=0 currentRev=ris-stall-56b88bf5d7 updateRev=ris-stall-7f748f5454
[20:48:15] t+8s  replicas=2 ready=0 updated=0 currentRev=ris-stall-56b88bf5d7 updateRev=ris-stall-7f748f5454
[20:48:16] t+9s  replicas=2 ready=0 updated=0 currentRev=ris-stall-56b88bf5d7 updateRev=ris-stall-7f748f5454
[20:48:17] t+10s  replicas=2 ready=0 updated=0 currentRev=ris-stall-56b88bf5d7 updateRev=ris-stall-7f748f5454
[20:48:18] t+11s  replicas=2 ready=0 updated=0 currentRev=ris-stall-56b88bf5d7 updateRev=ris-stall-7f748f5454
[20:48:19] t+12s  replicas=2 ready=0 updated=0 currentRev=ris-stall-56b88bf5d7 updateRev=ris-stall-7f748f5454
[20:48:20] t+13s  replicas=2 ready=0 updated=0 currentRev=ris-stall-56b88bf5d7 updateRev=ris-stall-7f748f5454
[20:48:21] t+14s  replicas=2 ready=0 updated=0 currentRev=ris-stall-56b88bf5d7 updateRev=ris-stall-7f748f5454
[20:48:22] t+15s  replicas=2 ready=0 updated=0 currentRev=ris-stall-56b88bf5d7 updateRev=ris-stall-7f748f5454
[20:48:23] t+16s  replicas=2 ready=0 updated=0 currentRev=ris-stall-56b88bf5d7 updateRev=ris-stall-7f748f5454
[20:48:24] t+17s  replicas=2 ready=0 updated=0 currentRev=ris-stall-56b88bf5d7 updateRev=ris-stall-7f748f5454
[20:48:25] t+18s  replicas=2 ready=0 updated=0 currentRev=ris-stall-56b88bf5d7 updateRev=ris-stall-7f748f5454
[20:48:26] t+19s  replicas=2 ready=0 updated=0 currentRev=ris-stall-56b88bf5d7 updateRev=ris-stall-7f748f5454
[20:48:27] t+20s  replicas=2 ready=0 updated=0 currentRev=ris-stall-56b88bf5d7 updateRev=ris-stall-7f748f5454
[20:48:29] t+21s  replicas=2 ready=0 updated=0 currentRev=ris-stall-56b88bf5d7 updateRev=ris-stall-7f748f5454
[20:48:30] t+22s  replicas=2 ready=0 updated=0 currentRev=ris-stall-56b88bf5d7 updateRev=ris-stall-7f748f5454
[20:48:31] t+23s  replicas=2 ready=0 updated=0 currentRev=ris-stall-56b88bf5d7 updateRev=ris-stall-7f748f5454
[20:48:32] t+24s  replicas=2 ready=0 updated=0 currentRev=ris-stall-56b88bf5d7 updateRev=ris-stall-7f748f5454
[20:48:33] t+25s  replicas=2 ready=0 updated=0 currentRev=ris-stall-56b88bf5d7 updateRev=ris-stall-7f748f5454
[20:48:34] t+26s  replicas=2 ready=0 updated=0 currentRev=ris-stall-56b88bf5d7 updateRev=ris-stall-7f748f5454
[20:48:35] t+27s  replicas=2 ready=0 updated=0 currentRev=ris-stall-56b88bf5d7 updateRev=ris-stall-7f748f5454
[20:48:36] t+28s  replicas=2 ready=0 updated=0 currentRev=ris-stall-56b88bf5d7 updateRev=ris-stall-7f748f5454
[20:48:37] t+29s  replicas=2 ready=0 updated=0 currentRev=ris-stall-56b88bf5d7 updateRev=ris-stall-7f748f5454
[20:48:38] t+30s  replicas=2 ready=0 updated=0 currentRev=ris-stall-56b88bf5d7 updateRev=ris-stall-7f748f5454
[20:48:39] t+31s  replicas=2 ready=0 updated=0 currentRev=ris-stall-56b88bf5d7 updateRev=ris-stall-7f748f5454
[20:48:40] t+32s  replicas=2 ready=0 updated=0 currentRev=ris-stall-56b88bf5d7 updateRev=ris-stall-7f748f5454
[20:48:41] t+33s  replicas=2 ready=0 updated=0 currentRev=ris-stall-56b88bf5d7 updateRev=ris-stall-7f748f5454
[20:48:42] t+34s  replicas=2 ready=0 updated=0 currentRev=ris-stall-56b88bf5d7 updateRev=ris-stall-7f748f5454
[20:48:43] t+35s  replicas=2 ready=0 updated=0 currentRev=ris-stall-56b88bf5d7 updateRev=ris-stall-7f748f5454
[20:48:43] === controller signal lines (budget exhausted / RequeueAfter / Finished syncing) ===
[20:48:43] === final RI / pod state ===
NAME          READY   AGE
ris-stall-0   False   37s
ris-stall-1   False   37s
NAME                 READY   STATUS    RESTARTS   AGE   IP             NODE                       NOMINATED NODE   READINESS GATES
ris-stall-0-main-0   0/1     Running   0          37s   10.39.55.167   cn-hongkong.10.39.55.150   <none>           1/2
ris-stall-1-main-0   0/1     Running   0          37s   10.39.55.187   cn-hongkong.10.39.55.151   <none>           1/2
